\BOOKMARK [1][-]{section.1}{\376\377\137\025\212\000}{}% 1
\BOOKMARK [1][-]{section.2}{\376\377\213\255\176\303\127\372\170\100\213\276\145\275}{}% 2
\BOOKMARK [2][-]{subsection.2.1}{\376\377\140\243\200\005\152\041\142\337\126\150}{section.2}% 3
\BOOKMARK [2][-]{subsection.2.2}{\376\377\232\214\213\301\174\373\176\337}{section.2}% 4
\BOOKMARK [3][-]{subsubsection.2.2.1}{\376\377\221\317\210\150\232\214\213\301\126\150}{subsection.2.2}% 5
\BOOKMARK [3][-]{subsubsection.2.2.2}{\376\377\116\213\133\236\232\214\213\301\126\150}{subsection.2.2}% 6
\BOOKMARK [2][-]{subsection.2.3}{\376\377\131\032\116\373\122\241\213\255\176\303\155\101\154\064\176\277}{section.2}% 7
\BOOKMARK [1][-]{section.3}{\376\377\116\373\122\241\162\171\133\232\213\255\176\303\145\271\154\325}{}% 8
\BOOKMARK [2][-]{subsection.3.1}{\376\377\155\361\136\246\116\064\136\212\225\356\213\312}{section.3}% 9
\BOOKMARK [3][-]{subsubsection.3.1.1}{\376\377\122\006\153\265\155\101\154\064\176\277\000\040\000R\000L}{subsection.3.1}% 10
\BOOKMARK [3][-]{subsubsection.3.1.2}{\376\377\173\126\165\145\133\146\116\140\173\227\154\325\377\032\000S\000P\000A\000R}{subsection.3.1}% 11
\BOOKMARK [2][-]{subsection.3.2}{\376\377\123\357\117\341\120\145\136\267\124\250\213\342}{section.3}% 12
\BOOKMARK [3][-]{subsubsection.3.2.1}{\376\377\122\250\140\001\221\317\210\150\157\024\123\026}{subsection.3.2}% 13
\BOOKMARK [3][-]{subsubsection.3.2.2}{\376\377\116\213\133\236\141\037\167\345\137\072\123\026\133\146\116\140}{subsection.3.2}% 14
\BOOKMARK [1][-]{section.4}{\376\377\213\304\155\113}{}% 15
\BOOKMARK [2][-]{subsection.4.1}{\376\377\000S\000c\000a\000n\000B\000e\000n\000c\000h}{section.4}% 16
\BOOKMARK [3][-]{subsubsection.4.1.1}{\376\377\145\160\143\156\226\306\147\204\142\020\116\016\176\337\213\241}{subsection.4.1}% 17
\BOOKMARK [3][-]{subsubsection.4.1.2}{\376\377\155\101\172\013\116\016\213\304\117\060\145\271\154\325}{subsection.4.1}% 18
\BOOKMARK [3][-]{subsubsection.4.1.3}{\376\377\140\047\200\375\122\006\147\220}{subsection.4.1}% 19
\BOOKMARK [3][-]{subsubsection.4.1.4}{\376\377\122\250\140\001\225\356\213\312\145\110\163\207}{subsection.4.1}% 20
\BOOKMARK [2][-]{subsection.4.2}{\376\377\000H\000e\000a\000l\000t\000h\000B\000e\000n\000c\000h}{section.4}% 21
\BOOKMARK [3][-]{subsubsection.4.2.1}{\376\377\000H\000e\000a\000l\000t\000h\000B\000e\000n\000c\000h\000-\000M\000a\000i\000n}{subsection.4.2}% 22
\BOOKMARK [3][-]{subsubsection.4.2.2}{\376\377\000H\000e\000a\000l\000t\000h\000B\000e\000n\000c\000h\000-\000H\000a\000l\000l\000u}{subsection.4.2}% 23
\BOOKMARK [1][-]{section.5}{\376\377\143\250\164\006\117\030\123\026}{}% 24
\BOOKMARK [2][-]{subsection.5.1}{\376\377\143\250\155\113\211\343\170\001}{section.5}% 25
\BOOKMARK [2][-]{subsection.5.2}{\376\377\221\317\123\026}{section.5}% 26
\BOOKMARK [1][-]{section.6}{\376\377\176\323\213\272}{}% 27
\BOOKMARK [1][-]{section.7}{\376\377\134\100\226\120\116\016\147\052\147\145\135\345\117\134}{}% 28
\BOOKMARK [1][-]{section.8}{\376\377\215\041\163\056}{}% 29
\BOOKMARK [1][-]{section.8}{\376\377\123\302\200\003\145\207\163\056}{}% 30
\BOOKMARK [1][-]{appendix.A}{\376\377\226\104\137\125}{}% 31
\BOOKMARK [2][-]{subsection.A.1}{\376\377\000S\000P\000A\000R\000\040\166\204\155\210\207\215\133\236\232\214}{appendix.A}% 32
\BOOKMARK [2][-]{subsection.A.2}{\376\377\116\213\133\236\141\037\167\345\000\040\000R\000L}{appendix.A}% 33
\BOOKMARK [3][-]{subsubsection.A.2.1}{\376\377\204\270\231\217\116\213\133\236\142\275\123\326\152\041\127\213\166\204\213\304\117\060}{subsection.A.2}% 34
\BOOKMARK [3][-]{subsubsection.A.2.2}{\376\377\131\126\122\261\176\304\116\366\155\210\207\215}{subsection.A.2}% 35
\BOOKMARK [2][-]{subsection.A.3}{\376\377\171\273\176\277\116\023\133\266\207\215\124\010\116\055\000\040\000C\000l\000i\000p\000-\000F\000o\000r\000w\000a\000r\000d\000-\000K\000L\000\040\166\204\155\210\207\215}{appendix.A}% 36
\BOOKMARK [2][-]{subsection.A.4}{\376\377\000G\000a\000t\000e\000d\000\040\000E\000a\000g\000l\000e\000-\0003\000\040\143\250\155\113\211\343\170\001\166\204\155\210\207\215\133\236\232\214}{appendix.A}% 37
\BOOKMARK [1][-]{section*.46}{\376\377\000A\000p\000p\000e\000n\000d\000i\000c\000e\000s}{}% 38
