\BOOKMARK [1][-]{section.1}{\376\377\000.\000\040\137\025\212\000}{}% 1
\BOOKMARK [1][-]{section.2}{\376\377\000.\000\040\155\361\121\145\164\006\211\343\000\040\000L\000L\000M\000\040\143\250\164\006\116\016\220\350\177\162}{}% 2
\BOOKMARK [2][-]{subsection.2.1}{\376\377\000.\000\040\000L\000L\000M\000\040\143\250\164\006\217\307\172\013}{section.2}% 3
\BOOKMARK [2][-]{subsection.2.2}{\376\377\000.\000\040\000R\000o\000o\000f\000l\000i\000n\000e\000\040\152\041\127\213}{section.2}% 4
\BOOKMARK [2][-]{subsection.2.3}{\376\377\000.\000\040\000L\000L\000M\000-\000V\000i\000e\000w\000e\000r}{section.2}% 5
\BOOKMARK [1][-]{section.3}{\376\377\000.\000\040\152\041\127\213\123\213\177\051}{}% 6
\BOOKMARK [2][-]{subsection.3.1}{\376\377\000.\000\040\221\317\123\026}{section.3}% 7
\BOOKMARK [3][-]{subsubsection.3.1.1}{\376\377\000L\000L\000M\000-\000V\000i\000e\000w\000e\000r\000\040\165\050\117\213\377\032\221\317\123\026\166\204\000\040\000R\000o\000o\000f\000l\000i\000n\000e\000\040\122\006\147\220}{subsection.3.1}% 8
\BOOKMARK [3][-]{subsubsection.3.1.2}{\376\377\165\050\116\216\123\213\177\051\230\204\213\255\176\303\000\040\000L\000L\000M\000\040\166\204\221\317\123\026}{subsection.3.1}% 9
\BOOKMARK [3][-]{subsubsection.3.1.3}{\376\377\123\302\145\160\232\330\145\110\137\256\214\003\221\317\123\026\377\010\000Q\000-\000P\000E\000F\000T\377\011}{subsection.3.1}% 10
\BOOKMARK [3][-]{subsubsection.3.1.4}{\376\377\000L\000L\000M\000\040\221\317\123\026\213\250\213\272}{subsection.3.1}% 11
\BOOKMARK [2][-]{subsection.3.2}{\376\377\000.\000\040\122\152\147\235}{section.3}% 12
\BOOKMARK [3][-]{subsubsection.3.2.1}{\376\377\227\136\176\323\147\204\123\026\122\152\147\235}{subsection.3.2}% 13
\BOOKMARK [3][-]{subsubsection.3.2.2}{\376\377\176\323\147\204\123\026\122\152\147\235}{subsection.3.2}% 14
\BOOKMARK [2][-]{subsection.3.3}{\376\377\000.\000\040\167\345\213\306\204\270\231\217}{section.3}% 15
\BOOKMARK [3][-]{subsubsection.3.3.1}{\376\377\166\175\166\322\204\270\231\217}{subsection.3.3}% 16
\BOOKMARK [3][-]{subsubsection.3.3.2}{\376\377\236\321\166\322\204\270\231\217}{subsection.3.3}% 17
\BOOKMARK [2][-]{subsection.3.4}{\376\377\000.\000\040\122\006\211\343\377\010\000F\000a\000c\000t\000o\000r\000i\000z\000a\000t\000i\000o\000n\377\011}{section.3}% 18
\BOOKMARK [1][-]{section.4}{\376\377\000.\000\040\137\353\220\037\211\343\170\001\166\204\173\227\154\325\145\271\154\325}{}% 19
\BOOKMARK [2][-]{subsection.4.1}{\376\377\000.\000\040\153\317\116\052\000\040\000t\000o\000k\000e\000n\000\040\211\343\170\001\142\100\227\000\147\000\134\017\123\302\145\160}{section.4}% 20
\BOOKMARK [3][-]{subsubsection.4.1.1}{\376\377\145\351\220\000\377\010\000E\000a\000r\000l\000y\000\040\000E\000x\000i\000t\000i\000n\000g\377\011}{subsection.4.1}% 21
\BOOKMARK [3][-]{subsubsection.4.1.2}{\376\377\116\012\116\013\145\207\172\000\165\217\377\010\000C\000o\000n\000t\000e\000x\000t\000u\000a\000l\000\040\000S\000p\000a\000r\000s\000i\000t\000y\377\011}{subsection.4.1}% 22
\BOOKMARK [3][-]{subsubsection.4.1.3}{\376\377\116\023\133\266\155\367\124\010\152\041\127\213\377\010\000M\000o\000E\377\011}{subsection.4.1}% 23
\BOOKMARK [3][-]{subsubsection.4.1.4}{\376\377\122\250\140\001\123\302\145\160\177\051\121\317\166\204\000\040\000R\000o\000o\000f\000l\000i\000n\000e\000\040\122\006\147\220}{subsection.4.1}% 24
\BOOKMARK [2][-]{subsection.4.2}{\376\377\000.\000\040\123\125\153\041\122\115\124\021\147\000\131\047\123\026\211\343\170\001\000\040\000t\000o\000k\000e\000n\000\040\145\160}{section.4}% 25
\BOOKMARK [3][-]{subsubsection.4.2.1}{\376\377\000S\000p\000e\000c\000u\000l\000a\000t\000i\000v\000e\000\040\000D\000e\000c\000o\000d\000i\000n\000g}{subsection.4.2}% 26
\BOOKMARK [3][-]{subsubsection.4.2.2}{\376\377\136\166\210\114\211\343\170\001\377\010\000P\000a\000r\000a\000l\000l\000e\000l\000\040\000D\000e\000c\000o\000d\000i\000n\000g\377\011}{subsection.4.2}% 27
\BOOKMARK [1][-]{section.5}{\376\377\000.\000\040\177\026\213\321\126\150\116\016\174\373\176\337\117\030\123\026}{}% 28
\BOOKMARK [2][-]{subsection.5.1}{\376\377\000.\000\040\173\227\133\120\207\215\124\010}{section.5}% 29
\BOOKMARK [2][-]{subsection.5.2}{\376\377\000.\000\040\121\205\133\130\173\241\164\006\116\016\215\037\217\175\123\170\217\175}{section.5}% 30
\BOOKMARK [2][-]{subsection.5.3}{\376\377\000.\000\040\136\166\210\114\147\015\122\241\377\010\000P\000a\000r\000a\000l\000l\000e\000l\000\040\000S\000e\000r\000v\000i\000n\000g\377\011}{section.5}% 31
\BOOKMARK [1][-]{section.6}{\376\377\000.\000\040\170\154\116\366\117\030\123\026}{}% 32
\BOOKMARK [2][-]{subsection.6.1}{\376\377\000.\000\040\172\172\225\364\147\266\147\204\377\010\000S\000p\000a\000t\000i\000a\000l\000\040\000A\000r\000c\000h\000i\000t\000e\000c\000t\000u\000r\000e\377\011}{section.6}% 33
\BOOKMARK [2][-]{subsection.6.2}{\376\377\000.\000\040\133\130\121\205\213\241\173\227\377\010\000P\000r\000o\000c\000e\000s\000s\000i\000n\000g\000\040\000i\000n\000\040\000M\000e\000m\000o\000r\000y\377\011}{section.6}% 34
\BOOKMARK [2][-]{subsection.6.3}{\376\377\000.\000\040\145\260\145\160\143\156\150\074\137\017}{section.6}% 35
\BOOKMARK [2][-]{subsection.6.4}{\376\377\000.\000\040\145\260\127\213\131\004\164\006\123\125\121\103\377\010\000P\000E\377\011}{section.6}% 36
\BOOKMARK [1][-]{section.7}{\376\377\000.\000\040\213\250\213\272}{}% 37
\BOOKMARK [2][-]{subsection.7.1}{\376\377\000.\000\040\123\357\227\140\140\047}{section.7}% 38
\BOOKMARK [3][-]{subsubsection.7.1.1}{\376\377\136\173\211\311}{subsection.7.1}% 39
\BOOKMARK [2][-]{subsection.7.2}{\376\377\000.\000\040\133\211\121\150\133\371\237\120}{section.7}% 40
\BOOKMARK [2][-]{subsection.7.3}{\376\377\000.\000\040\000O\000O\000D\000\040\154\333\123\026}{section.7}% 41
\BOOKMARK [2][-]{subsection.7.4}{\376\377\000.\000\040\232\330\145\110\131\047\211\304\152\041\131\032\152\041\140\001\152\041\127\213}{section.7}% 42
\BOOKMARK [3][-]{subsubsection.7.4.1}{\376\377\131\047\211\304\152\041\131\032\152\041\140\001\152\041\127\213\377\010\000L\000M\000M\377\011}{subsection.7.4}% 43
\BOOKMARK [3][-]{subsubsection.7.4.2}{\376\377\232\330\145\110\000\040\000L\000M\000M}{subsection.7.4}% 44
\BOOKMARK [2][-]{subsection.7.5}{\376\377\000.\000\040\225\177\116\012\116\013\145\207\136\372\152\041}{section.7}% 45
\BOOKMARK [3][-]{subsubsection.7.5.1}{\376\377\146\377\116\343\154\350\141\017\122\233\213\276\213\241}{subsection.7.5}% 46
\BOOKMARK [3][-]{subsubsection.7.5.2}{\376\377\220\022\137\122\116\016\150\300\175\042}{subsection.7.5}% 47
\BOOKMARK [3][-]{subsubsection.7.5.3}{\376\377\117\115\177\156\177\026\170\001\145\071\220\040}{subsection.7.5}% 48
\BOOKMARK [1][-]{section.8}{\376\377\000.\000\040\176\323\213\272}{}% 49
