\BOOKMARK [1][-]{section.1}{\376\377\137\025\212\000}{}% 1
\BOOKMARK [1][-]{section.2}{\376\377\200\314\146\157\116\016\122\250\147\072}{}% 2
\BOOKMARK [2][-]{subsection.2.1}{\376\377\000L\000F\000M\000\040\137\000\123\321}{section.2}% 3
\BOOKMARK [2][-]{subsection.2.2}{\376\377\000C\000h\000e\000c\000k\000p\000o\000i\000n\000t\000\040\000R\000e\000s\000h\000a\000r\000d\000i\000n\000g\000\040\127\072\146\157}{section.2}% 4
\BOOKMARK [2][-]{subsection.2.3}{\376\377\000L\000F\000M\000\040\000C\000h\000e\000c\000k\000p\000o\000i\000n\000t\000i\000n\000g\000\040\227\000\154\102}{section.2}% 5
\BOOKMARK [1][-]{section.3}{\376\377\174\373\176\337\213\276\213\241}{}% 6
\BOOKMARK [2][-]{subsection.3.1}{\376\377\176\337\116\000\147\266\147\204}{section.3}% 7
\BOOKMARK [2][-]{subsection.3.2}{\376\377\211\343\200\046\166\204\000\040\000C\000h\000e\000c\000k\000p\000o\000i\000n\000t\000\040\210\150\171\072}{section.3}% 8
\BOOKMARK [2][-]{subsection.3.3}{\376\377\000C\000h\000e\000c\000k\000p\000o\000i\000n\000t\000\040\000R\000e\000s\000h\000a\000r\000d\000i\000n\000g\000\040\135\345\117\134\155\101}{section.3}% 9
\BOOKMARK [1][-]{section.4}{\376\377\140\047\200\375\117\030\123\026}{}% 10
\BOOKMARK [2][-]{subsection.4.1}{\376\377\117\030\123\026\166\204\000\040\000P\000l\000a\000n\000\040\165\037\142\020}{section.4}% 11
\BOOKMARK [2][-]{subsection.4.2}{\376\377\121\150\137\002\153\145\166\204\000\040\000E\000n\000g\000i\000n\000e\000\040\000P\000i\000p\000e\000l\000i\000n\000e}{section.4}% 12
\BOOKMARK [1][-]{section.5}{\376\377\131\047\211\304\152\041\000\040\000C\000h\000e\000c\000k\000p\000o\000i\000n\000t\000i\000n\000g}{}% 13
\BOOKMARK [2][-]{subsection.5.1}{\376\377\133\130\120\250\145\057\143\001}{section.5}% 14
\BOOKMARK [2][-]{subsection.5.2}{\376\377\226\306\117\123\220\032\117\341}{section.5}% 15
\BOOKMARK [2][-]{subsection.5.3}{\376\377\166\321\143\247\116\016\122\006\147\220}{section.5}% 16
\BOOKMARK [1][-]{section.6}{\376\377\213\304\117\060}{}% 17
\BOOKMARK [2][-]{subsection.6.1}{\376\377\000C\000h\000e\000c\000k\000p\000o\000i\000n\000t\000i\000n\000g\000\040\145\110\163\207}{section.6}% 18
\BOOKMARK [2][-]{subsection.6.2}{\376\377\000M\000i\000c\000r\000o\000b\000e\000n\000c\000h\000m\000a\000r\000k\000s}{section.6}% 19
\BOOKMARK [1][-]{section.7}{\376\377\176\323\213\272}{}% 20
\BOOKMARK [1][-]{section.8}{\376\377\201\364\214\042}{}% 21
\BOOKMARK [1][-]{appendix.A}{\376\377\176\364\142\244\000\040\000R\000e\000s\000h\000a\000r\000d\000i\000n\000g\000\040\201\032\147\054\166\204\146\364\131\032\200\314\146\157}{}% 22
\BOOKMARK [1][-]{appendix.B}{\376\377\232\330\145\110\166\204\133\214\145\164\140\047\117\335\226\234}{}% 23
\BOOKMARK [1][-]{appendix.C}{\376\377\136\163\127\107\000\040\000E\000T\000T\000R\000\040\213\241\173\227}{}% 24
\BOOKMARK [1][-]{appendix.D}{\376\377\000C\000h\000e\000c\000k\000p\000o\000i\000n\000t\000i\000n\000g\000\040\137\000\225\000\122\006\211\343}{}% 25
\BOOKMARK [1][-]{appendix.E}{\376\377\146\364\131\032\000\040\000R\000e\000s\000h\000a\000r\000d\000i\000n\000g\000\040\153\143\170\156\140\047\133\236\232\214}{}% 26
\BOOKMARK [1][-]{appendix.F}{\376\377\166\370\121\163\135\345\117\134}{}% 27
