\BOOKMARK [1][-]{section.1}{\376\377\137\025\212\000}{}% 1
\BOOKMARK [1][-]{section.2}{\376\377\152\041\127\213\147\266\147\204}{}% 2
\BOOKMARK [2][-]{subsection.2.1}{\376\377\000D\000e\000p\000t\000h\000-\000S\000c\000a\000l\000e\000d\000\040\000S\000a\000n\000d\000w\000i\000c\000h\000-\000N\000o\000r\000m}{section.2}% 3
\BOOKMARK [2][-]{subsection.2.2}{\376\377\152\041\127\213\122\035\131\313\123\026}{section.2}% 4
\BOOKMARK [2][-]{subsection.2.3}{\376\377\000T\000o\000k\000e\000n\000i\000z\000e\000r}{section.2}% 5
\BOOKMARK [1][-]{section.3}{\376\377\152\041\127\213\213\255\176\303}{}% 6
\BOOKMARK [2][-]{subsection.3.1}{\376\377\230\204\213\255\176\303\226\066\153\265}{section.3}% 7
\BOOKMARK [3][-]{subsubsection.3.1.1}{\376\377\145\160\143\156\147\204\136\372}{subsection.3.1}% 8
\BOOKMARK [3][-]{subsubsection.3.1.2}{\376\377\145\160\143\156\215\050\221\317\213\304\117\060}{subsection.3.1}% 9
\BOOKMARK [3][-]{subsubsection.3.1.3}{\376\377\230\204\213\255\176\303\123\302\145\160}{subsection.3.1}% 10
\BOOKMARK [2][-]{subsection.3.2}{\376\377\225\177\116\012\116\013\145\207\142\151\134\125}{section.3}% 11
\BOOKMARK [2][-]{subsection.3.3}{\376\377\124\016\213\255\176\303\133\371\237\120}{section.3}% 12
\BOOKMARK [3][-]{subsubsection.3.3.1}{\376\377\124\016\213\255\176\303\145\160\143\156}{subsection.3.3}% 13
\BOOKMARK [3][-]{subsubsection.3.3.2}{\376\377\124\016\213\255\176\303\173\126\165\145}{subsection.3.3}% 14
\BOOKMARK [1][-]{section.4}{\376\377\213\255\176\303\174\373\176\337}{}% 15
\BOOKMARK [2][-]{subsection.4.1}{\376\377\213\241\173\227\226\306\177\244\221\115\177\156}{section.4}% 16
\BOOKMARK [2][-]{subsection.4.2}{\376\377\227\142\124\021\152\041\127\213\142\151\134\125\166\204\136\166\210\114\173\126\165\145}{section.4}% 17
\BOOKMARK [2][-]{subsection.4.3}{\376\377\174\373\176\337\117\030\123\026}{section.4}% 18
\BOOKMARK [3][-]{subsubsection.4.3.1}{\376\377\000K\000e\000r\000n\000e\000l\000\040\207\215\124\010}{subsection.4.3}% 19
\BOOKMARK [3][-]{subsubsection.4.3.2}{\376\377\225\177\116\012\116\013\145\207\213\255\176\303\117\030\123\026}{subsection.4.3}% 20
\BOOKMARK [1][-]{section.5}{\376\377\133\236\232\214\176\323\147\234}{}% 21
\BOOKMARK [2][-]{subsection.5.1}{\376\377\230\204\213\255\176\303\143\137\131\061\146\362\176\277}{section.5}% 22
\BOOKMARK [2][-]{subsection.5.2}{\376\377\230\204\213\255\176\303\226\066\153\265}{section.5}% 23
\BOOKMARK [2][-]{subsection.5.3}{\376\377\124\016\213\255\176\303\116\016\143\250\164\006\200\375\122\233}{section.5}% 24
\BOOKMARK [2][-]{subsection.5.4}{\376\377\155\210\207\215\170\024\172\166}{section.5}% 25
\BOOKMARK [3][-]{subsubsection.5.4.1}{\376\377\000D\000e\000p\000t\000h\000-\000s\000c\000a\000l\000e\000d\000\040\000S\000a\000n\000d\000w\000i\000c\000h\000-\000n\000o\000r\000m}{subsection.5.4}% 26
\BOOKMARK [3][-]{subsubsection.5.4.2}{\376\377\000T\000i\000n\000y\000\040\000I\000n\000i\000t\000i\000a\000l\000i\000z\000a\000t\000i\000o\000n}{subsection.5.4}% 27
\BOOKMARK [3][-]{subsubsection.5.4.3}{\376\377\000P\000a\000n\000g\000u\000\040\000U\000l\000t\000r\000a\166\204\134\102\176\337\213\241\162\171\140\047}{subsection.5.4}% 28
\BOOKMARK [1][-]{section.6}{\376\377\176\323\213\272}{}% 29
\BOOKMARK [1][-]{appendix.A}{\376\377\215\041\163\056\116\016\201\364\214\042}{}% 30
